[www.bookmundi.com/kathmandu/everest-base-camp-trek-3841.html]
[backblue.gif]
[fade.gif]
[index.html]
[www.bookmundi.com/static/favicon/57.png]
[www.bookmundi.com/static/favicon/60.png]
[www.bookmundi.com/static/favicon/72.png]
[www.bookmundi.com/static/favicon/76.png]
[www.bookmundi.com/static/favicon/114.png]
[www.bookmundi.com/static/favicon/120.png]
[www.bookmundi.com/static/favicon/144.png]
[www.bookmundi.com/static/favicon/152.png]
[www.bookmundi.com/static/favicon/180.png]
[www.bookmundi.com/static/favicon/192.png]
[www.bookmundi.com/static/favicon/32.png]
[www.bookmundi.com/static/favicon/96.png]
[www.bookmundi.com/static/favicon/16.png]
[www.bookmundi.com/files/resized/72x72/ad11cb80d6dbad320d1a1dd06027f489_1525323639.jpg]
[d3hne3c382ip58.cloudfront.net/resized/750x420/everest-base-camp-trek-tour-2-17499_1580274861.jpg]
[d3hne3c382ip58.cloudfront.net/files/rating/uploads/46540/1575705186-117.jpg]
[d3hne3c382ip58.cloudfront.net/files/rating/uploads/45445/1575380039-584.jpg]
[www.bookmundi.com/kathmandu/16-days-manaslu-circuit-trekking-3905.html]
[www.bookmundi.com/kathmandu/20-days-ebc-3-high-passes-trek-3908.html]
[www.bookmundi.com/kathmandu/everest-base-camp-trek-143.html]
[www.bookmundi.com/kathmandu/everest-base-camp-kalapathar-trek-79.html]
[www.bookmundi.com/kathmandu/gokyo-everest-base-camp-trek-4289.html]
[www.bookmundi.com/kathmandu/annapurna-base-camp-trek-3839.html]
[www.bookmundi.com/kathmandu/annapurna-circuit-trek-15-days-5418.html]
[www.bookmundi.com/kathmandu/everest-panorama-trek-7096.html]
[d3hne3c382ip58.cloudfront.net/resources/home/press/logos/tech.co.png]
[www.bookmundi.com/kathmandu/7-day-ghorepani-poon-hill-trek-4091.html]
[d3hne3c382ip58.cloudfront.net/resources/home/press/logos/travolution.png]
[d3hne3c382ip58.cloudfront.net/resources/home/press/logos/forbes.png]
[d3hne3c382ip58.cloudfront.net/resources/home/press/logos/independent.png]
[d3hne3c382ip58.cloudfront.net/resources/home/press/logos/entrepreneur.png]
[www.bookmundi.com/kathmandu/POST]
[www.bookmundi.com/kathmandu/GET]
[connect.facebook.net/en_US/sdk.js]
[platform.twitter.com/widgets.js]
[cdn.jsdelivr.net/npm/flatpickr/dist/flatpickr.minec92.css]
[unpkg.com/simplebar@4.2.3/dist/simplebar.min.js]
[www.bookmundi.com/themes/global/resources/images/jane1.png]
[www.artfut.com/static/tagtag.minb6d4.js]
[www.bookmundi.com/kathmandu/everest-base-camp-trek-3841.html]
[connect.facebook.net/en_US/fbevents.js]
[d3hne3c382ip58.cloudfront.net/resized/750x420/16-days-manaslu-circuit-trekking-tour-2-17984_1559833743.jpg]
[www.bookmundi.com/kathmandu/manaslu-circuit-trek-362.html]
[www.bookmundi.com/kathmandu/manaslu-around-trek-10023.html]
[www.bookmundi.com/kathmandu/16-days-manaslu-circuit-trekking-3905.html]
[www.bookmundi.com/kathmandu/10-day-langtang-valley-trek-4044.html]
[d3hne3c382ip58.cloudfront.net/resized/750x420/20-days-ebc-3-high-passes-trek-tour-2-18008_1577090014.jpg]
[www.bookmundi.com/kathmandu/20-days-ebc-3-high-passes-trek-3908.html]
[www.bookmundi.com/files/resized/72x72/d21d07a0861f5a1ab8c2acfba48b8d4a_1525323696.jpg]
[d3hne3c382ip58.cloudfront.net/resized/750x420/everest-base-camp-trek-tour-2-263268_1581999005.jpg]
[www.bookmundi.com/themes/global/resources/images/co21.png]
[i.ytimg.com/vi/DnIQiZFr1Og/sddefault.jpg]
[www.bookmundi.com/kathmandu/annapurna-base-camp-trek-215.html]
[www.bookmundi.com/kathmandu/ghorepani-poon-hill-sunrise-trek-216.html]
[www.bookmundi.com/kathmandu/15-day-annapurna-circuit-trek-with-tilicho-lake-7453.html]
[www.bookmundi.com/kathmandu/everest-base-camp-trek-143.html]
[www.bookmundi.com/kathmandu/langtang-kyanjin-trek-214.html]
[www.bookmundi.com/files/resized/72x72/ae0b74a148414d3f232022211fd71d64_1525323585.jpg]
[d3hne3c382ip58.cloudfront.net/resized/750x420/everest-base-camp-kalapathar-trek-tour-2-942_1582439967.jpg]
[d3hne3c382ip58.cloudfront.net/files/rating/uploads/48482/1577840988-904.jpg]
[www.bookmundi.com/kathmandu/annapurna-circuit-trek-37.html]
[www.bookmundi.com/kathmandu/everest-base-camp-chola-pass-gokyo-trek-288.html]
[www.bookmundi.com/kathmandu/langtang-valley-trek-87.html]
[www.bookmundi.com/kathmandu/annapurna-base-camp-trek-378.html]
[www.bookmundi.com/kathmandu/gokyo-valley-trek-84.html]
[www.bookmundi.com/kathmandu/manaslu-circuit-trekking-89.html]
[www.bookmundi.com/kathmandu/everest-base-camp-kalapathar-trek-79.html]
[d3hne3c382ip58.cloudfront.net/resized/750x420/gokyo-everest-base-camp-trek-tour-2-20748_1545444735.jpg]
[www.bookmundi.com/kathmandu/everest-three-high-passes-trekking-100.html]
[d3hne3c382ip58.cloudfront.net/files/rating/uploads/25190/1555078959-732.jpg]
[www.bookmundi.com/kathmandu/gokyo-everest-base-camp-trek-4289.html]
[d3hne3c382ip58.cloudfront.net/resized/750x420/annapurna-base-camp-trek-tour-2-17492_1554180307.jpg]
[d3hne3c382ip58.cloudfront.net/files/rating/uploads/46691/1576035582-903.jpg]
[d3hne3c382ip58.cloudfront.net/files/rating/uploads/46691/1576035651-234.jpg]
[d3hne3c382ip58.cloudfront.net/files/rating/uploads/26929/1540216966-601.jpg]
[d3hne3c382ip58.cloudfront.net/files/rating/uploads/26929/1540216973-954.jpg]
[d3hne3c382ip58.cloudfront.net/files/rating/uploads/26929/1540217014-117.jpg]
[www.bookmundi.com/kathmandu/annapurna-base-camp-trek-3839.html]
[d3hne3c382ip58.cloudfront.net/resized/750x420/annapurna-circuit-trek-15-days-tour-2-28727_1529047081.jpg]
[www.bookmundi.com/kathmandu/annapurna-circuit-trek-15-days-5418.html]
[d3hne3c382ip58.cloudfront.net/resized/750x420/everest-panorama-trek-tour-2-116966_1580201823.jpg]
[www.bookmundi.com/kathmandu/everest-panorama-trek-7096.html]
[d3hne3c382ip58.cloudfront.net/resized/750x420/7-day-ghorepani-poon-hill-trek-tour-2-19499_1522214961.jpg]
[d3hne3c382ip58.cloudfront.net/files/rating/uploads/25222/1526172704-526.jpg]
[d3hne3c382ip58.cloudfront.net/files/rating/uploads/25222/1526172704-764.jpg]
[d3hne3c382ip58.cloudfront.net/files/rating/uploads/25222/1526172727-858.jpg]
[d3hne3c382ip58.cloudfront.net/files/rating/uploads/25222/1526172735-179.jpg]
[www.bookmundi.com/kathmandu/7-day-ghorepani-poon-hill-trek-4091.html]
[www.bookmundi.com/kathmandu/POST.html]
[www.bookmundi.com/kathmandu/GET.html]
[connect.facebook.net/en_US/sdk.js]
[cdn.jsdelivr.net/npm/flatpickr/dist/flatpickr.minec92.css]
[www.googletagmanager.com/gtm5445.html]
[connect.facebook.net/en_US/fbevents.js]
[d3hne3c382ip58.cloudfront.net/resized/750x420/manaslu-circuit-trek-tour-2-258256_1570368737.jpg]
[i.ytimg.com/vi/WanbndiXqYA/sddefault.jpg]
[www.bookmundi.com/kathmandu/manaslu-circuit-trek-362.html]
[www.bookmundi.com/files/resized/72x72/c89e17f4c48b36da69b6ecf297c5f7c6_1525323572.jpg]
[d3hne3c382ip58.cloudfront.net/resized/750x420/manaslu-around-trek-tour-2-464855_1552738301.jpg]
[www.bookmundi.com/kathmandu/manaslu-around-trek-10023.html]
[d3hne3c382ip58.cloudfront.net/resized/750x420/10-day-langtang-valley-trek-tour-2-19178_1546266834.jpg]
[www.bookmundi.com/kathmandu/10-day-langtang-valley-trek-4044.html]
[d3hne3c382ip58.cloudfront.net/resized/750x420/annapurna-base-camp-trek-tour-2-19859_1568808385.jpg]
[d3hne3c382ip58.cloudfront.net/files/rating/uploads/46331/1575437280-203.jpg]
[d3hne3c382ip58.cloudfront.net/files/rating/uploads/46331/1575437281-489.jpg]
[d3hne3c382ip58.cloudfront.net/files/rating/uploads/46331/1575437282-604.jpg]
[d3hne3c382ip58.cloudfront.net/files/rating/uploads/46331/1575437282-940.jpg]
[www.bookmundi.com/kathmandu/annapurna-base-camp-trek-4347.html]
[www.bookmundi.com/kathmandu/annapurna-base-camp-trek-215.html]
[d3hne3c382ip58.cloudfront.net/resized/750x420/ghorepani-poon-hill-sunrise-trek-tour-2-191826_1577257675.jpg]
[www.bookmundi.com/kathmandu/10-day-everest-base-camp-trek-with-chopper-return-8079.html]
[www.bookmundi.com/kathmandu/poonhill-trek-59.html]
[www.bookmundi.com/kathmandu/ghorepani-poon-hill-sunrise-trek-216.html]
[www.bookmundi.com/kathmandu/ghorepani-poon-hill-trek-5-days-3230.html]
[d3hne3c382ip58.cloudfront.net/resized/750x420/15-day-annapurna-circuit-trek-with-tilicho-lake-tour-2-229935_1573731880.jpg]
[www.bookmundi.com/kathmandu/15-day-annapurna-circuit-trek-with-tilicho-lake-7453.html]
[www.bookmundi.com/kathmandu/annapurna-circuit-trek-117.html]
[d3hne3c382ip58.cloudfront.net/resized/750x420/langtang-kyanjin-trek-tour-2-427238_1528075425.jpg]
[www.bookmundi.com/kathmandu/langtang-kyanjin-trek-214.html]
[d3hne3c382ip58.cloudfront.net/resized/750x420/annapurna-circuit-trek-tour-2-81820_1577958233.jpg]
[d3hne3c382ip58.cloudfront.net/files/rating/uploads/45121/1574958951-380.jpg]
[d3hne3c382ip58.cloudfront.net/files/rating/uploads/45121/1574958971-3.jpg]
[d3hne3c382ip58.cloudfront.net/files/rating/uploads/45121/1574958991-559.jpg]
[www.bookmundi.com/kathmandu/annapurna-circuit-trek-37.html]
[d3hne3c382ip58.cloudfront.net/resized/750x420/everest-base-camp-chola-pass-gokyo-trek-tour-2-304_1518320101.jpg]
[www.bookmundi.com/kathmandu/annapurna-circuit-trek-32.html]
[d3hne3c382ip58.cloudfront.net/files/rating/uploads/29226/1557887770-959.jpg]
[i.ytimg.com/vi/hAgQIlbx-So/sddefault.jpg]
[www.bookmundi.com/kathmandu/gokyo-and-everest-base-camp-trek-64.html]
[www.bookmundi.com/kathmandu/everest-base-camp-chola-pass-gokyo-trek-288.html]
[www.bookmundi.com/kathmandu/gokyo-renjo-la-pass-trek-9890.html]
[d3hne3c382ip58.cloudfront.net/resized/750x420/langtang-valley-trek-tour-2-259979_1549525110.jpg]
[www.bookmundi.com/kathmandu/langtang-valley-trek-87.html]
[d3hne3c382ip58.cloudfront.net/resized/750x420/annapurna-base-camp-trek-tour-2-283_1582108326.jpg]
[www.bookmundi.com/kathmandu/annapurna-base-camp-trek-378.html]
[www.bookmundi.com/kathmandu/ghorepani-poonhill-ghandruk-trek-81.html]
[d3hne3c382ip58.cloudfront.net/resized/750x420/gokyo-valley-trek-tour-2-119287_1510029029.jpg]
[www.bookmundi.com/kathmandu/gokyo-valley-trek-84.html]
[d3hne3c382ip58.cloudfront.net/resized/750x420/manaslu-circuit-trekking-tour-2-203984_1510029029.jpg]
[www.bookmundi.com/kathmandu/manaslu-circuit-trekking-89.html]
[d3hne3c382ip58.cloudfront.net/resized/750x420/everest-three-high-passes-trekking-tour-2-343_1518529994.jpg]
[www.bookmundi.com/kathmandu/everest-three-high-passes-trekking-100.html]
[www.bookmundi.com/files/resized/72x72/5d3a21dcb163690a06983653e2a7f149_1525323699.jpg]
[d3hne3c382ip58.cloudfront.net/resized/750x420/annapurna-base-camp-trek-tour-2-23738_1583847665.jpg]
[www.bookmundi.com/kathmandu/annapurna-base-camp-trek-4347.html]
[d3hne3c382ip58.cloudfront.net/resized/750x420/10-day-everest-base-camp-trek-with-chopper-return-tour-2-506400_1587012233.jpg]
[www.bookmundi.com/kathmandu/10-day-everest-base-camp-trek-with-chopper-return-8079.html]
[www.bookmundi.com/files/resized/72x72/2424d7f2d9eaa358d8fe14b11280f7c7_1525323575.jpg]
[d3hne3c382ip58.cloudfront.net/resized/750x420/poonhill-trek-tour-2-965_1580102382.jpg]
[www.bookmundi.com/kathmandu/poonhill-trek-59.html]
[www.bookmundi.com/files/resized/72x72/a2648775ea871c37efea8bc108dead4a_1525323641.jpg]
[d3hne3c382ip58.cloudfront.net/resized/750x420/ghorepani-poon-hill-trek-5-days-tour-2-474426_1582694468.jpg]
[www.bookmundi.com/kathmandu/langtang-valley-view-trekking-3232.html]
[www.bookmundi.com/kathmandu/annapurna-base-camp-trek-9-days-6117.html]
[www.bookmundi.com/kathmandu/poonhill-tea-house-trek-7-days-3996.html]
[www.bookmundi.com/kathmandu/poon-hill-trek-4-days-3-nights-10798.html]
[www.bookmundi.com/kathmandu/manaslu-circuit-trek-14-days-12692.html]
[www.bookmundi.com/kathmandu/ghorepani-poon-hill-trek-5-days-3230.html]
[www.bookmundi.com/kathmandu/annapurna-circuit-trek-117.html]
[www.bookmundi.com/kathmandu/annapurna-circuit-trek-32.html]
[www.bookmundi.com/kathmandu/gokyo-and-everest-base-camp-trek-64.html]
[www.bookmundi.com/kathmandu/everest-panorama-view-trek-6-days-5475.html]
[www.bookmundi.com/kathmandu/gokyo-renjo-la-pass-trek-9890.html]
[www.bookmundi.com/kathmandu/ghorepani-poonhill-ghandruk-trek-81.html]
[www.bookmundi.com/kathmandu/langtang-valley-view-trekking-3232.html]
[www.bookmundi.com/kathmandu/annapurna-base-camp-trek-9-days-6117.html]
[www.bookmundi.com/kathmandu/poonhill-tea-house-trek-7-days-3996.html]
[www.bookmundi.com/kathmandu/everest-base-camp-trekking-12-days-4119.html]
[www.bookmundi.com/kathmandu/poon-hill-trek-4-days-3-nights-10798.html]
[www.bookmundi.com/kathmandu/manaslu-circuit-trek-14-days-12692.html]
[www.bookmundi.com/kathmandu/everest-panorama-view-trek-6-days-5475.html]
[www.bookmundi.com/kathmandu/everest-base-camp-trekking-12-days-4119.html]
